# serializer version: 1
# name: test_get_build[build]
  Build(build_id=1, build_number='testbuildnumber', status='teststatus', result='testresult', source_branch='testsourcebranch', source_version='testsourceversion', priority='testpriority', reason='testreason', queue_time='testqueuetime', start_time='teststarttime', finish_time='teststarttime', definition=BuildDefinition(build_id=1, name='testname', url='testurl', path='testpath', build_type='testtype', queue_status='testqueuestatus', revision=1), project=Project(id='testid', name='testname', description='testdescription', url='testurl', state='teststate', revision=1, visibility='testvisibility', capabilities=None, links=None, default_team=None, last_update_time=None), links=BuildLinks(l_self='testself', web='testweb', source_version_display_uri='testsourceversiondisplayuri', timeline='testtimeline', badge='testbadge'))
# ---
# name: test_get_builds[builds]
  list([
    Build(build_id=1, build_number='testbuildnumber', status='teststatus', result='testresult', source_branch='testsourcebranch', source_version='testsourceversion', priority='testpriority', reason='testreason', queue_time='testqueuetime', start_time='teststarttime', finish_time='teststarttime', definition=BuildDefinition(build_id=1, name='testname', url='testurl', path='testpath', build_type='testtype', queue_status='testqueuestatus', revision=1), project=Project(id='testid', name='testname', description='testdescription', url='testurl', state='teststate', revision=1, visibility='testvisibility', capabilities=None, links=None, default_team=None, last_update_time=None), links=BuildLinks(l_self='testself', web='testweb', source_version_display_uri='testsourceversiondisplayuri', timeline='testtimeline', badge='testbadge')),
  ])
# ---
# name: test_get_project[project]
  Project(id='testid', name='testname', description='testdescription', url='testurl', state='teststate', revision=1, visibility='testvisibility', capabilities=Capabilities(process_template=ProcessTemplate(template_name='Agile', template_type_id='abc123-abc1-abc1-abc1-abc123456789'), versioncontrol=VersionControl(source_control_type='Git', git_enabled='True', tfvc_enabled='False')), links=Links(links_self=LinkCollection(href='testself'), collection=LinkCollection(href='testcollection'), web=LinkCollection(href='testweb')), default_team=DefaultTeam(id='testid', name='testname', url='testurl'), last_update_time=None)
# ---
# name: test_get_work_item_types[work_item_types]
  list([
    WorkItemType(name='testname', reference_name='testreferenceName', description='testdescription', color='testcolor', icon=Icon(id='testid', url='testurl'), is_disabled=False, xml_form='testxmlForm', fields=[], field_instances=[], transitions={}, states=[State(name='New', color='b2b2b2', category=<Category.PROPOSED: 'Proposed'>), State(name='On Hold', color='fcfea8', category=<Category.IN_PROGRESS: 'InProgress'>), State(name='Ready', color='007acc', category=<Category.IN_PROGRESS: 'InProgress'>), State(name='In Development', color='e87025', category=<Category.IN_PROGRESS: 'InProgress'>), State(name='In Code Review', color='f9b978', category=<Category.IN_PROGRESS: 'InProgress'>), State(name='In Test', color='fbd144', category=<Category.IN_PROGRESS: 'InProgress'>), State(name='In UAT', color='71338d', category=<Category.IN_PROGRESS: 'InProgress'>), State(name='In PreProd', color='ef33a3', category=<Category.IN_PROGRESS: 'InProgress'>), State(name='Ready for Release', color='207752', category=<Category.IN_PROGRESS: 'InProgress'>), State(name='Released', color='c3d84c', category=<Category.RESOLVED: 'Resolved'>), State(name='Closed', color='339933', category=<Category.COMPLETED: 'Completed'>)], url='testurl'),
  ])
# ---
# name: test_get_work_item_types[work_item_types_authorized]
  list([
    WorkItemType(name='testname', reference_name='testreferenceName', description='testdescription', color='testcolor', icon=Icon(id='testid', url='testurl'), is_disabled=False, xml_form='testxmlForm', fields=[], field_instances=[], transitions={}, states=[State(name='New', color='b2b2b2', category=<Category.PROPOSED: 'Proposed'>), State(name='On Hold', color='fcfea8', category=<Category.IN_PROGRESS: 'InProgress'>), State(name='Ready', color='007acc', category=<Category.IN_PROGRESS: 'InProgress'>), State(name='In Development', color='e87025', category=<Category.IN_PROGRESS: 'InProgress'>), State(name='In Code Review', color='f9b978', category=<Category.IN_PROGRESS: 'InProgress'>), State(name='In Test', color='fbd144', category=<Category.IN_PROGRESS: 'InProgress'>), State(name='In UAT', color='71338d', category=<Category.IN_PROGRESS: 'InProgress'>), State(name='In PreProd', color='ef33a3', category=<Category.IN_PROGRESS: 'InProgress'>), State(name='Ready for Release', color='207752', category=<Category.IN_PROGRESS: 'InProgress'>), State(name='Released', color='c3d84c', category=<Category.RESOLVED: 'Resolved'>), State(name='Closed', color='339933', category=<Category.COMPLETED: 'Completed'>)], url='testurl'),
  ])
# ---
# name: test_get_work_items[work_items]
  list([
    WorkItem(id=1, rev=234, fields=WorkItemFields(area_path='testAreaPath', team_project='testTeamProject', iteration_path='testIterationPath', work_item_type='testWorkItemType', state='testState', reason='testReason', assigned_to=None, created_date='testCreatedDate', created_by=None, changed_date='testChangedDate', changed_by=None, comment_count=1, title='testTitle', microsoft_vsts_common_state_change_date=None, microsoft_vsts_common_priority=1), url='testurl'),
    WorkItem(id=1, rev=234, fields=WorkItemFields(area_path='testAreaPath', team_project='testTeamProject', iteration_path='testIterationPath', work_item_type='testWorkItemType', state='testState', reason='testReason', assigned_to=None, created_date='testCreatedDate', created_by=None, changed_date='testChangedDate', changed_by=None, comment_count=1, title='testTitle', microsoft_vsts_common_state_change_date=None, microsoft_vsts_common_priority=1), url='testurl'),
  ])
# ---
# name: test_get_work_items_ids[work_items_ids]
  list([
    1,
  ])
# ---
# name: test_get_work_items_ids[work_items_ids_authorized]
  list([
    1,
  ])
# ---
